2015-09-17 13:52:28,194 - mylogger - INFO - foorbar
